// Jest Snapshot v1, https://goo.gl/fbAQLP

exports[`can render header tabs 1`] = `null`;
