// Jest Snapshot v1, https://goo.gl/fbAQLP

exports[`C360Icon Component renders a result 1`] = `
<Text
  accessible={true}
  allowFontScaling={false}
  ellipsizeMode="tail"
  style={
    Array [
      Object {
        "color": undefined,
        "fontSize": 12,
      },
      Object {
        "color": "#000",
        "fontSize": 30,
      },
      Object {
        "fontFamily": "icomoon",
        "fontStyle": "normal",
        "fontWeight": "normal",
      },
    ]
  }
  virtual={undefined}
>
  Ó§ù
</Text>
`;
