// Jest Snapshot v1, https://goo.gl/fbAQLP

exports[`can render an empty component 1`] = `
<Perks
  style={Object {}}
  virtual={undefined}
/>
`;
