// Jest Snapshot v1, https://goo.gl/fbAQLP

exports[`can render an empty component 1`] = `
<View
  style={
    Object {
      "alignItems": "center",
      "flex": 1,
      "justifyContent": "center",
    }
  }
  testID="driver_assignment"
>
  <Styled(Text)
    virtual={undefined}
  >
    Driver Assignment
  </Styled(Text)>
</View>
`;
